// Vitest Snapshot v1, https://vitest.dev/guide/snapshot.html

exports[`Navbar > renders the navbar 1`] = `
{
  "asFragment": [Function],
  "baseElement": <body>
    <div>
      <nav>
        <ul
          class="header-ul"
        >
          <li
            class="header-li"
          >
            <div
              class="search-wrapper"
            >
              <div
                class="search-box"
              >
                <input
                  class=""
                  placeholder="Search"
                  type="text"
                />
                <div
                  class="icon "
                >
                  <svg
                    aria-hidden="true"
                    class="svg-inline--fa fa-magnifying-glass i-fa"
                    data-icon="magnifying-glass"
                    data-prefix="fas"
                    data-testid="search-icon"
                    focusable="false"
                    role="img"
                    viewBox="0 0 512 512"
                    xmlns="http://www.w3.org/2000/svg"
                  >
                    <path
                      d="M416 208c0 45.9-14.9 88.3-40 122.7L502.6 457.4c12.5 12.5 12.5 32.8 0 45.3s-32.8 12.5-45.3 0L330.7 376c-34.4 25.2-76.8 40-122.7 40C93.1 416 0 322.9 0 208S93.1 0 208 0S416 93.1 416 208zM208 352a144 144 0 1 0 0-288 144 144 0 1 0 0 288z"
                      fill="currentColor"
                    />
                  </svg>
                </div>
              </div>
            </div>
          </li>
          <li
            class="header-li"
          >
            <a
              data-testid="shop-link"
              href="/shop"
            >
              Shop
            </a>
          </li>
          <li
            class="header-li"
          >
            <a
              href="/cart"
            >
              Cart 
            </a>
          </li>
        </ul>
      </nav>
    </div>
  </body>,
  "container": <div>
    <nav>
      <ul
        class="header-ul"
      >
        <li
          class="header-li"
        >
          <div
            class="search-wrapper"
          >
            <div
              class="search-box"
            >
              <input
                class=""
                placeholder="Search"
                type="text"
              />
              <div
                class="icon "
              >
                <svg
                  aria-hidden="true"
                  class="svg-inline--fa fa-magnifying-glass i-fa"
                  data-icon="magnifying-glass"
                  data-prefix="fas"
                  data-testid="search-icon"
                  focusable="false"
                  role="img"
                  viewBox="0 0 512 512"
                  xmlns="http://www.w3.org/2000/svg"
                >
                  <path
                    d="M416 208c0 45.9-14.9 88.3-40 122.7L502.6 457.4c12.5 12.5 12.5 32.8 0 45.3s-32.8 12.5-45.3 0L330.7 376c-34.4 25.2-76.8 40-122.7 40C93.1 416 0 322.9 0 208S93.1 0 208 0S416 93.1 416 208zM208 352a144 144 0 1 0 0-288 144 144 0 1 0 0 288z"
                    fill="currentColor"
                  />
                </svg>
              </div>
            </div>
          </div>
        </li>
        <li
          class="header-li"
        >
          <a
            data-testid="shop-link"
            href="/shop"
          >
            Shop
          </a>
        </li>
        <li
          class="header-li"
        >
          <a
            href="/cart"
          >
            Cart 
          </a>
        </li>
      </ul>
    </nav>
  </div>,
  "debug": [Function],
  "findAllByAltText": [Function],
  "findAllByDisplayValue": [Function],
  "findAllByLabelText": [Function],
  "findAllByPlaceholderText": [Function],
  "findAllByRole": [Function],
  "findAllByTestId": [Function],
  "findAllByText": [Function],
  "findAllByTitle": [Function],
  "findByAltText": [Function],
  "findByDisplayValue": [Function],
  "findByLabelText": [Function],
  "findByPlaceholderText": [Function],
  "findByRole": [Function],
  "findByTestId": [Function],
  "findByText": [Function],
  "findByTitle": [Function],
  "getAllByAltText": [Function],
  "getAllByDisplayValue": [Function],
  "getAllByLabelText": [Function],
  "getAllByPlaceholderText": [Function],
  "getAllByRole": [Function],
  "getAllByTestId": [Function],
  "getAllByText": [Function],
  "getAllByTitle": [Function],
  "getByAltText": [Function],
  "getByDisplayValue": [Function],
  "getByLabelText": [Function],
  "getByPlaceholderText": [Function],
  "getByRole": [Function],
  "getByTestId": [Function],
  "getByText": [Function],
  "getByTitle": [Function],
  "queryAllByAltText": [Function],
  "queryAllByDisplayValue": [Function],
  "queryAllByLabelText": [Function],
  "queryAllByPlaceholderText": [Function],
  "queryAllByRole": [Function],
  "queryAllByTestId": [Function],
  "queryAllByText": [Function],
  "queryAllByTitle": [Function],
  "queryByAltText": [Function],
  "queryByDisplayValue": [Function],
  "queryByLabelText": [Function],
  "queryByPlaceholderText": [Function],
  "queryByRole": [Function],
  "queryByTestId": [Function],
  "queryByText": [Function],
  "queryByTitle": [Function],
  "rerender": [Function],
  "unmount": [Function],
}
`;
